C:/Qt/Tools/mingw1120_64/bin/mingw32-make -f Makefile.Release
mingw32-make[1]: Entering directory 'C:/Users/Gaston/OneDrive/Desktop/final/INTEGRATION_FINALE'
g++ -c -fno-keep-inline-dllexport -O2 -std=gnu++1z -Wall -Wextra -Wextra -fexceptions -mthreads -DUNICODE -D_UNICODE -DWIN32 -DMINGW_HAS_SECURE_API=1 -DQT_NO_DEBUG -DQT_CHARTS_LIB -DQT_OPENGLWIDGETS_LIB -DQT_MULTIMEDIAWIDGETS_LIB -DQT_PRINTSUPPORT_LIB -DQT_WIDGETS_LIB -DQT_OPENGL_LIB -DQT_MULTIMEDIA_LIB -DQT_GUI_LIB -DQT_SQL_LIB -DQT_NETWORK_LIB -DQT_CONCURRENT_LIB -DQT_CORE_LIB -I. -IC:/Qt/6.7.3/mingw_64/include -IC:/Qt/6.7.3/mingw_64/include/QtCharts -IC:/Qt/6.7.3/mingw_64/include/QtOpenGLWidgets -IC:/Qt/6.7.3/mingw_64/include/QtMultimediaWidgets -IC:/Qt/6.7.3/mingw_64/include/QtPrintSupport -IC:/Qt/6.7.3/mingw_64/include/QtWidgets -IC:/Qt/6.7.3/mingw_64/include/QtOpenGL -IC:/Qt/6.7.3/mingw_64/include/QtMultimedia -IC:/Qt/6.7.3/mingw_64/include/QtGui -IC:/Qt/6.7.3/mingw_64/include/QtSql -IC:/Qt/6.7.3/mingw_64/include/QtNetwork -IC:/Qt/6.7.3/mingw_64/include/QtConcurrent -IC:/Qt/6.7.3/mingw_64/include/QtCore -Irelease -I. -I/include -IC:/Qt/6.7.3/mingw_64/mkspecs/win32-g++  -o release\client.o client.cpp
g++ -c -fno-keep-inline-dllexport -O2 -std=gnu++1z -Wall -Wextra -Wextra -fexceptions -mthreads -DUNICODE -D_UNICODE -DWIN32 -DMINGW_HAS_SECURE_API=1 -DQT_NO_DEBUG -DQT_CHARTS_LIB -DQT_OPENGLWIDGETS_LIB -DQT_MULTIMEDIAWIDGETS_LIB -DQT_PRINTSUPPORT_LIB -DQT_WIDGETS_LIB -DQT_OPENGL_LIB -DQT_MULTIMEDIA_LIB -DQT_GUI_LIB -DQT_SQL_LIB -DQT_NETWORK_LIB -DQT_CONCURRENT_LIB -DQT_CORE_LIB -I. -IC:/Qt/6.7.3/mingw_64/include -IC:/Qt/6.7.3/mingw_64/include/QtCharts -IC:/Qt/6.7.3/mingw_64/include/QtOpenGLWidgets -IC:/Qt/6.7.3/mingw_64/include/QtMultimediaWidgets -IC:/Qt/6.7.3/mingw_64/include/QtPrintSupport -IC:/Qt/6.7.3/mingw_64/include/QtWidgets -IC:/Qt/6.7.3/mingw_64/include/QtOpenGL -IC:/Qt/6.7.3/mingw_64/include/QtMultimedia -IC:/Qt/6.7.3/mingw_64/include/QtGui -IC:/Qt/6.7.3/mingw_64/include/QtSql -IC:/Qt/6.7.3/mingw_64/include/QtNetwork -IC:/Qt/6.7.3/mingw_64/include/QtConcurrent -IC:/Qt/6.7.3/mingw_64/include/QtCore -Irelease -I. -I/include -IC:/Qt/6.7.3/mingw_64/mkspecs/win32-g++  -o release\connection.o connection.cpp
g++ -c -fno-keep-inline-dllexport -O2 -std=gnu++1z -Wall -Wextra -Wextra -fexceptions -mthreads -DUNICODE -D_UNICODE -DWIN32 -DMINGW_HAS_SECURE_API=1 -DQT_NO_DEBUG -DQT_CHARTS_LIB -DQT_OPENGLWIDGETS_LIB -DQT_MULTIMEDIAWIDGETS_LIB -DQT_PRINTSUPPORT_LIB -DQT_WIDGETS_LIB -DQT_OPENGL_LIB -DQT_MULTIMEDIA_LIB -DQT_GUI_LIB -DQT_SQL_LIB -DQT_NETWORK_LIB -DQT_CONCURRENT_LIB -DQT_CORE_LIB -I. -IC:/Qt/6.7.3/mingw_64/include -IC:/Qt/6.7.3/mingw_64/include/QtCharts -IC:/Qt/6.7.3/mingw_64/include/QtOpenGLWidgets -IC:/Qt/6.7.3/mingw_64/include/QtMultimediaWidgets -IC:/Qt/6.7.3/mingw_64/include/QtPrintSupport -IC:/Qt/6.7.3/mingw_64/include/QtWidgets -IC:/Qt/6.7.3/mingw_64/include/QtOpenGL -IC:/Qt/6.7.3/mingw_64/include/QtMultimedia -IC:/Qt/6.7.3/mingw_64/include/QtGui -IC:/Qt/6.7.3/mingw_64/include/QtSql -IC:/Qt/6.7.3/mingw_64/include/QtNetwork -IC:/Qt/6.7.3/mingw_64/include/QtConcurrent -IC:/Qt/6.7.3/mingw_64/include/QtCore -Irelease -I. -I/include -IC:/Qt/6.7.3/mingw_64/mkspecs/win32-g++  -o release\commande.o commande.cpp
g++ -c -fno-keep-inline-dllexport -O2 -std=gnu++1z -Wall -Wextra -Wextra -fexceptions -mthreads -DUNICODE -D_UNICODE -DWIN32 -DMINGW_HAS_SECURE_API=1 -DQT_NO_DEBUG -DQT_CHARTS_LIB -DQT_OPENGLWIDGETS_LIB -DQT_MULTIMEDIAWIDGETS_LIB -DQT_PRINTSUPPORT_LIB -DQT_WIDGETS_LIB -DQT_OPENGL_LIB -DQT_MULTIMEDIA_LIB -DQT_GUI_LIB -DQT_SQL_LIB -DQT_NETWORK_LIB -DQT_CONCURRENT_LIB -DQT_CORE_LIB -I. -IC:/Qt/6.7.3/mingw_64/include -IC:/Qt/6.7.3/mingw_64/include/QtCharts -IC:/Qt/6.7.3/mingw_64/include/QtOpenGLWidgets -IC:/Qt/6.7.3/mingw_64/include/QtMultimediaWidgets -IC:/Qt/6.7.3/mingw_64/include/QtPrintSupport -IC:/Qt/6.7.3/mingw_64/include/QtWidgets -IC:/Qt/6.7.3/mingw_64/include/QtOpenGL -IC:/Qt/6.7.3/mingw_64/include/QtMultimedia -IC:/Qt/6.7.3/mingw_64/include/QtGui -IC:/Qt/6.7.3/mingw_64/include/QtSql -IC:/Qt/6.7.3/mingw_64/include/QtNetwork -IC:/Qt/6.7.3/mingw_64/include/QtConcurrent -IC:/Qt/6.7.3/mingw_64/include/QtCore -Irelease -I. -I/include -IC:/Qt/6.7.3/mingw_64/mkspecs/win32-g++  -o release\employe.o employe.cpp
g++ -c -fno-keep-inline-dllexport -O2 -std=gnu++1z -Wall -Wextra -Wextra -fexceptions -mthreads -DUNICODE -D_UNICODE -DWIN32 -DMINGW_HAS_SECURE_API=1 -DQT_NO_DEBUG -DQT_CHARTS_LIB -DQT_OPENGLWIDGETS_LIB -DQT_MULTIMEDIAWIDGETS_LIB -DQT_PRINTSUPPORT_LIB -DQT_WIDGETS_LIB -DQT_OPENGL_LIB -DQT_MULTIMEDIA_LIB -DQT_GUI_LIB -DQT_SQL_LIB -DQT_NETWORK_LIB -DQT_CONCURRENT_LIB -DQT_CORE_LIB -I. -IC:/Qt/6.7.3/mingw_64/include -IC:/Qt/6.7.3/mingw_64/include/QtCharts -IC:/Qt/6.7.3/mingw_64/include/QtOpenGLWidgets -IC:/Qt/6.7.3/mingw_64/include/QtMultimediaWidgets -IC:/Qt/6.7.3/mingw_64/include/QtPrintSupport -IC:/Qt/6.7.3/mingw_64/include/QtWidgets -IC:/Qt/6.7.3/mingw_64/include/QtOpenGL -IC:/Qt/6.7.3/mingw_64/include/QtMultimedia -IC:/Qt/6.7.3/mingw_64/include/QtGui -IC:/Qt/6.7.3/mingw_64/include/QtSql -IC:/Qt/6.7.3/mingw_64/include/QtNetwork -IC:/Qt/6.7.3/mingw_64/include/QtConcurrent -IC:/Qt/6.7.3/mingw_64/include/QtCore -Irelease -I. -I/include -IC:/Qt/6.7.3/mingw_64/mkspecs/win32-g++  -o release\intervention.o intervention.cpp
g++ -fno-keep-inline-dllexport -O2 -std=gnu++1z -Wall -Wextra -Wextra -dM -E -o release\moc_predefs.h C:\Qt\6.7.3\mingw_64\mkspecs\features\data\dummy.cpp
C:\Qt\6.7.3\mingw_64\bin\moc.exe -DUNICODE -D_UNICODE -DWIN32 -DMINGW_HAS_SECURE_API=1 -DQT_NO_DEBUG -DQT_CHARTS_LIB -DQT_OPENGLWIDGETS_LIB -DQT_MULTIMEDIAWIDGETS_LIB -DQT_PRINTSUPPORT_LIB -DQT_WIDGETS_LIB -DQT_OPENGL_LIB -DQT_MULTIMEDIA_LIB -DQT_GUI_LIB -DQT_SQL_LIB -DQT_NETWORK_LIB -DQT_CONCURRENT_LIB -DQT_CORE_LIB --include C:/Users/Gaston/OneDrive/Desktop/final/INTEGRATION_FINALE/release/moc_predefs.h -IC:/Qt/6.7.3/mingw_64/mkspecs/win32-g++ -IC:/Users/Gaston/OneDrive/Desktop/final/INTEGRATION_FINALE -IC:/Qt/6.7.3/mingw_64/include -IC:/Qt/6.7.3/mingw_64/include/QtCharts -IC:/Qt/6.7.3/mingw_64/include/QtOpenGLWidgets -IC:/Qt/6.7.3/mingw_64/include/QtMultimediaWidgets -IC:/Qt/6.7.3/mingw_64/include/QtPrintSupport -IC:/Qt/6.7.3/mingw_64/include/QtWidgets -IC:/Qt/6.7.3/mingw_64/include/QtOpenGL -IC:/Qt/6.7.3/mingw_64/include/QtMultimedia -IC:/Qt/6.7.3/mingw_64/include/QtGui -IC:/Qt/6.7.3/mingw_64/include/QtSql -IC:/Qt/6.7.3/mingw_64/include/QtNetwork -IC:/Qt/6.7.3/mingw_64/include/QtConcurrent -IC:/Qt/6.7.3/mingw_64/include/QtCore -IC:/Qt/Tools/mingw1120_64/lib/gcc/x86_64-w64-mingw32/11.2.0/include/c++ -IC:/Qt/Tools/mingw1120_64/lib/gcc/x86_64-w64-mingw32/11.2.0/include/c++/x86_64-w64-mingw32 -IC:/Qt/Tools/mingw1120_64/lib/gcc/x86_64-w64-mingw32/11.2.0/include/c++/backward -IC:/Qt/Tools/mingw1120_64/lib/gcc/x86_64-w64-mingw32/11.2.0/include -IC:/Qt/Tools/mingw1120_64/lib/gcc/x86_64-w64-mingw32/11.2.0/include-fixed -IC:/Qt/Tools/mingw1120_64/x86_64-w64-mingw32/include main.cpp -o release\main.moc
g++ -c -fno-keep-inline-dllexport -O2 -std=gnu++1z -Wall -Wextra -Wextra -fexceptions -mthreads -DUNICODE -D_UNICODE -DWIN32 -DMINGW_HAS_SECURE_API=1 -DQT_NO_DEBUG -DQT_CHARTS_LIB -DQT_OPENGLWIDGETS_LIB -DQT_MULTIMEDIAWIDGETS_LIB -DQT_PRINTSUPPORT_LIB -DQT_WIDGETS_LIB -DQT_OPENGL_LIB -DQT_MULTIMEDIA_LIB -DQT_GUI_LIB -DQT_SQL_LIB -DQT_NETWORK_LIB -DQT_CONCURRENT_LIB -DQT_CORE_LIB -I. -IC:/Qt/6.7.3/mingw_64/include -IC:/Qt/6.7.3/mingw_64/include/QtCharts -IC:/Qt/6.7.3/mingw_64/include/QtOpenGLWidgets -IC:/Qt/6.7.3/mingw_64/include/QtMultimediaWidgets -IC:/Qt/6.7.3/mingw_64/include/QtPrintSupport -IC:/Qt/6.7.3/mingw_64/include/QtWidgets -IC:/Qt/6.7.3/mingw_64/include/QtOpenGL -IC:/Qt/6.7.3/mingw_64/include/QtMultimedia -IC:/Qt/6.7.3/mingw_64/include/QtGui -IC:/Qt/6.7.3/mingw_64/include/QtSql -IC:/Qt/6.7.3/mingw_64/include/QtNetwork -IC:/Qt/6.7.3/mingw_64/include/QtConcurrent -IC:/Qt/6.7.3/mingw_64/include/QtCore -Irelease -I. -I/include -IC:/Qt/6.7.3/mingw_64/mkspecs/win32-g++  -o release\main.o main.cpp
g++ -c -fno-keep-inline-dllexport -O2 -std=gnu++1z -Wall -Wextra -Wextra -fexceptions -mthreads -DUNICODE -D_UNICODE -DWIN32 -DMINGW_HAS_SECURE_API=1 -DQT_NO_DEBUG -DQT_CHARTS_LIB -DQT_OPENGLWIDGETS_LIB -DQT_MULTIMEDIAWIDGETS_LIB -DQT_PRINTSUPPORT_LIB -DQT_WIDGETS_LIB -DQT_OPENGL_LIB -DQT_MULTIMEDIA_LIB -DQT_GUI_LIB -DQT_SQL_LIB -DQT_NETWORK_LIB -DQT_CONCURRENT_LIB -DQT_CORE_LIB -I. -IC:/Qt/6.7.3/mingw_64/include -IC:/Qt/6.7.3/mingw_64/include/QtCharts -IC:/Qt/6.7.3/mingw_64/include/QtOpenGLWidgets -IC:/Qt/6.7.3/mingw_64/include/QtMultimediaWidgets -IC:/Qt/6.7.3/mingw_64/include/QtPrintSupport -IC:/Qt/6.7.3/mingw_64/include/QtWidgets -IC:/Qt/6.7.3/mingw_64/include/QtOpenGL -IC:/Qt/6.7.3/mingw_64/include/QtMultimedia -IC:/Qt/6.7.3/mingw_64/include/QtGui -IC:/Qt/6.7.3/mingw_64/include/QtSql -IC:/Qt/6.7.3/mingw_64/include/QtNetwork -IC:/Qt/6.7.3/mingw_64/include/QtConcurrent -IC:/Qt/6.7.3/mingw_64/include/QtCore -Irelease -I. -I/include -IC:/Qt/6.7.3/mingw_64/mkspecs/win32-g++  -o release\mainwindow.o mainwindow.cpp
mingw32-make.exe : mainwindow.cpp: In member function 'void 
MainWindow::setupAccueilDashboard()':
Au caractère Ligne:1 : 207
+ ... ON_FINALE"; & "C:\Qt\Tools\mingw1120_64\bin\mingw32-make.exe" 2>&1 |  ...
+                 ~~~~~~~~~~~~~~~~~~~~~~~~~~~~~~~~~~~~~~~~~~~~~~~~~~~~~~
    + CategoryInfo          : NotSpecified: (mainwindow.cpp:...ilDashboard()': 
   :String) [], RemoteException
    + FullyQualifiedErrorId : NativeCommandError
 
mainwindow.cpp:8047:57: warning: hex escape sequence out of range
 8047 |         auto *welcomeMsg = new QLabel(QString::fromUtf8("Nous 
optimisons la collecte des d\xC3\xA9chets urbains gr\xC3\xA2ce \xC3\xA0 
l'intelligence artificielle (IA) et aux objets connect\xC3\xA9s (IoT)."));
      |                                                         ^~~~~~~~~~~~~~~
~~~~~~~~~~~~~~~~~~~~~~~~~~~~~~~~~~~~~~~~~~~~~~~~~~~~~~~~~~~~~~~~~~~~~~~~~~~~~~~
~~~~~~~~~~~~~~~~~~~~~~~~~~~~~~~~~~~~~~~~~~~~~~~~~~~~~~~
mainwindow.cpp:8047:57: warning: hex escape sequence out of range
mainwindow.cpp:8163:58: warning: hex escape sequence out of range
 8163 |         QLabel *lblTitle2 = new QLabel(QString::fromUtf8("MARGE 
B\xC3\x89N\xC3\x89FICIAIRE NETTE"));
      |                                                          
^~~~~~~~~~~~~~~~~~~~~~~~~~~~~~~~~~~~~~~~
mainwindow.cpp:8175:57: warning: hex escape sequence out of range
 8175 |         QLabel *lblDesc2 = new QLabel(QString::fromUtf8("Pourcentage 
de profit r\xC3\xA9el apr\xC3\xA8s co\xC3\xBBts de production et salaires."));
      |                                                         ^~~~~~~~~~~~~~~
~~~~~~~~~~~~~~~~~~~~~~~~~~~~~~~~~~~~~~~~~~~~~~~~~~~~~~~~~~~~~~~~~~~~~~~~~
mainwindow.cpp:8323:53: warning: hex escape sequence out of range
 8323 |         input->setPlaceholderText(QString::fromUtf8("\xC3\x89crire un 
message..."));
      |                                                     
^~~~~~~~~~~~~~~~~~~~~~~~~~~~~
mainwindow.cpp:8579:25: warning: hex escape sequence out of range
 8579 |                         "\u26a0\ufe0f Stock Critique \u2013 %1 
(R\xC3\xa9f: %2) : %3 unit\xC3\xa9s restantes (Seuil: %4)")
      |                         ^~~~~~~~~~~~~~~~~~~~~~~~~~~~~~~~~~~~~~~~~~~~~~~
~~~~~~~~~~~~~~~~~~~~~~~~~~~~~~~~~~~~~~~~~~~~~~~~~~
mainwindow.cpp:8618:25: warning: hex escape sequence out of range
 8618 |                         "\U0001f6d1 \xC3\x89ch\xC3\xa9ance \u2013 %1 
(R\xC3\xa9f: %2) : %3")
      |                         
^~~~~~~~~~~~~~~~~~~~~~~~~~~~~~~~~~~~~~~~~~~~~~~~~~~~~~~~~~~~~~~~~~~
mainwindow.cpp:8618:25: warning: hex escape sequence out of range
mainwindow.cpp:8618:25: warning: hex escape sequence out of range
mainwindow.cpp: In lambda function:
mainwindow.cpp:10332:70: warning: hex escape sequence out of range
10332 |             QPushButton *btnPrev = new 
QPushButton(QString::fromUtf8("\xE2\x97\x80 Pr\xC3\xA9c\xC3\xA9dent"));
      |                                                                      
^~~~~~~~~~~~~~~~~~~~~~~~~~~~~~~~~~~~~~
mainwindow.cpp:10332:70: warning: hex escape sequence out of range
mainwindow.cpp: In member function 'void MainWindow::addExampleRow()':
mainwindow.cpp:10626:38: warning: hex escape sequence out of range
10626 |         {"WG-103", QString::fromUtf8("Colonne Enterr\xC3\xA9e 3 
FLUX"), "Industriel","3 Flux", "3400",  "0", "Maintenance",  "0", "100", "C2"},
      |                                      ^~~~~~~~~~~~~~~~~~~~~~~~~~~~~~~~
mainwindow.cpp: In member function 'void MainWindow::setupMaintenanceModule()':
mainwindow.cpp:10843:120: warning: hex escape sequence out of range
10843 |         QStringList headers = { "Reference", "Date", "Technicien", 
QString::fromUtf8("Co\xC3\xBBt"), QString::fromUtf8("Dur\xC3\xA9e"), 
QString::fromUtf8("Priorit\xC3\xA9"), "Actions" };
      |                                                                        
                                                ^~~~~~~~~~~~~~
mainwindow.cpp: In member function 'void 
MainWindow::on_btn_modifier_client_clicked()':
mainwindow.cpp:12876:90: warning: hex escape sequence out of range
12876 |     QMessageBox::information(this, QString::fromUtf8("Succ\xC3\xA8s"), 
QString::fromUtf8("Informations du client modifi\xC3\xA9es avec 
succ\xC3\xA8s."));
      |                                                                        
                  ^~~~~~~~~~~~~~~~~~~~~~~~~~~~~~~~~~~~~~~~~~~~~~~~~~~~~~~~~~~~~
mainwindow.cpp: In member function 'void MainWindow::onClientAdded(QString, 
QString, QString, QString, QString, QString)':
mainwindow.cpp:12884:40: warning: unused parameter 'matricule' 
[-Wunused-parameter]
12884 | void MainWindow::onClientAdded(QString matricule, QString nom, QString 
email, QString type_contrat, QString date_expiration, QString paiement) {
      |                                ~~~~~~~~^~~~~~~~~
mainwindow.cpp:12884:59: warning: unused parameter 'nom' [-Wunused-parameter]
12884 | void MainWindow::onClientAdded(QString matricule, QString nom, QString 
email, QString type_contrat, QString date_expiration, QString paiement) {
      |                                                   ~~~~~~~~^~~
mainwindow.cpp:12884:72: warning: unused parameter 'email' [-Wunused-parameter]
12884 | void MainWindow::onClientAdded(QString matricule, QString nom, QString 
email, QString type_contrat, QString date_expiration, QString paiement) {
      |                                                                
~~~~~~~~^~~~~
mainwindow.cpp:12884:87: warning: unused parameter 'type_contrat' 
[-Wunused-parameter]
12884 | void MainWindow::onClientAdded(QString matricule, QString nom, QString 
email, QString type_contrat, QString date_expiration, QString paiement) {
      |                                                                        
       ~~~~~~~~^~~~~~~~~~~~
mainwindow.cpp:12884:109: warning: unused parameter 'date_expiration' 
[-Wunused-parameter]
12884 | void MainWindow::onClientAdded(QString matricule, QString nom, QString 
email, QString type_contrat, QString date_expiration, QString paiement) {
      |                                                                        
                             ~~~~~~~~^~~~~~~~~~~~~~~
mainwindow.cpp:12884:134: warning: unused parameter 'paiement' 
[-Wunused-parameter]
12884 | void MainWindow::onClientAdded(QString matricule, QString nom, QString 
email, QString type_contrat, QString date_expiration, QString paiement) {
      |                                                                        
                                                      ~~~~~~~~^~~~~~~~
mainwindow.cpp: In lambda function:
mainwindow.cpp:13712:66: warning: hex escape sequence out of range
13712 |         QPushButton *btnPrev = new 
QPushButton(QString::fromUtf8("\xE2\x97\x80 Pr\xC3\xA9c\xC3\xA9dent"));
      |                                                                  
^~~~~~~~~~~~~~~~~~~~~~~~~~~~~~~~~~~~~~
mainwindow.cpp:13712:66: warning: hex escape sequence out of range
mainwindow.cpp: In member function 'QWidget* MainWindow::createMaintCard(int)':
mainwindow.cpp:15094:53: warning: hex escape sequence out of range
15094 |     QLabel *dureeLbl = new QLabel(QString::fromUtf8("Dur\xc3\xa9e"));
      |                                                     ^~~~~~~~~~~~~~
mainwindow.cpp: In member function 'void MainWindow::generateMaintenancePdf()':
mainwindow.cpp:16088:13: warning: unused variable 'cardStart' 
[-Wunused-variable]
16088 |         int cardStart = y;
      |             ^~~~~~~~~
mainwindow.cpp: In member function 'void 
MainWindow::onProductImageDownloaded(QNetworkReply*, const QString&)':
mainwindow.cpp:17064:80: warning: unused parameter 'numSerie' 
[-Wunused-parameter]
17064 | void MainWindow::onProductImageDownloaded(QNetworkReply *reply, const 
QString &numSerie)
      |                                                                 
~~~~~~~~~~~~~~~^~~~~~~~
mainwindow.cpp: In member function 'void 
MainWindow::on_btnPrediction_clicked()':
mainwindow.cpp:18363:12: warning: unused variable 'depletionDays' 
[-Wunused-variable]
18363 |     double depletionDays = -1;
      |            ^~~~~~~~~~~~~
mainwindow.cpp: At global scope:
mainwindow.cpp:367:6: warning: 'void 
{anonymous}::setSpinBoxValueByNames(QWidget*, const QStringList&, int)' 
defined but not used [-Wunused-function]
  367 | void setSpinBoxValueByNames(QWidget *scope, const QStringList &names, 
int value)
      |      ^~~~~~~~~~~~~~~~~~~~~~
mainwindow.cpp:356:5: warning: 'int {anonymous}::spinBoxValueByNames(QWidget*, 
const QStringList&, int)' defined but not used [-Wunused-function]
  356 | int spinBoxValueByNames(QWidget *scope, const QStringList &names, int 
fallback = 0)
      |     ^~~~~~~~~~~~~~~~~~~
g++ -c -fno-keep-inline-dllexport -O2 -std=gnu++1z -Wall -Wextra -Wextra -fexceptions -mthreads -DUNICODE -D_UNICODE -DWIN32 -DMINGW_HAS_SECURE_API=1 -DQT_NO_DEBUG -DQT_CHARTS_LIB -DQT_OPENGLWIDGETS_LIB -DQT_MULTIMEDIAWIDGETS_LIB -DQT_PRINTSUPPORT_LIB -DQT_WIDGETS_LIB -DQT_OPENGL_LIB -DQT_MULTIMEDIA_LIB -DQT_GUI_LIB -DQT_SQL_LIB -DQT_NETWORK_LIB -DQT_CONCURRENT_LIB -DQT_CORE_LIB -I. -IC:/Qt/6.7.3/mingw_64/include -IC:/Qt/6.7.3/mingw_64/include/QtCharts -IC:/Qt/6.7.3/mingw_64/include/QtOpenGLWidgets -IC:/Qt/6.7.3/mingw_64/include/QtMultimediaWidgets -IC:/Qt/6.7.3/mingw_64/include/QtPrintSupport -IC:/Qt/6.7.3/mingw_64/include/QtWidgets -IC:/Qt/6.7.3/mingw_64/include/QtOpenGL -IC:/Qt/6.7.3/mingw_64/include/QtMultimedia -IC:/Qt/6.7.3/mingw_64/include/QtGui -IC:/Qt/6.7.3/mingw_64/include/QtSql -IC:/Qt/6.7.3/mingw_64/include/QtNetwork -IC:/Qt/6.7.3/mingw_64/include/QtConcurrent -IC:/Qt/6.7.3/mingw_64/include/QtCore -Irelease -I. -I/include -IC:/Qt/6.7.3/mingw_64/mkspecs/win32-g++  -o release\mascotwidget.o mascotwidget.cpp
g++ -c -fno-keep-inline-dllexport -O2 -std=gnu++1z -Wall -Wextra -Wextra -fexceptions -mthreads -DUNICODE -D_UNICODE -DWIN32 -DMINGW_HAS_SECURE_API=1 -DQT_NO_DEBUG -DQT_CHARTS_LIB -DQT_OPENGLWIDGETS_LIB -DQT_MULTIMEDIAWIDGETS_LIB -DQT_PRINTSUPPORT_LIB -DQT_WIDGETS_LIB -DQT_OPENGL_LIB -DQT_MULTIMEDIA_LIB -DQT_GUI_LIB -DQT_SQL_LIB -DQT_NETWORK_LIB -DQT_CONCURRENT_LIB -DQT_CORE_LIB -I. -IC:/Qt/6.7.3/mingw_64/include -IC:/Qt/6.7.3/mingw_64/include/QtCharts -IC:/Qt/6.7.3/mingw_64/include/QtOpenGLWidgets -IC:/Qt/6.7.3/mingw_64/include/QtMultimediaWidgets -IC:/Qt/6.7.3/mingw_64/include/QtPrintSupport -IC:/Qt/6.7.3/mingw_64/include/QtWidgets -IC:/Qt/6.7.3/mingw_64/include/QtOpenGL -IC:/Qt/6.7.3/mingw_64/include/QtMultimedia -IC:/Qt/6.7.3/mingw_64/include/QtGui -IC:/Qt/6.7.3/mingw_64/include/QtSql -IC:/Qt/6.7.3/mingw_64/include/QtNetwork -IC:/Qt/6.7.3/mingw_64/include/QtConcurrent -IC:/Qt/6.7.3/mingw_64/include/QtCore -Irelease -I. -I/include -IC:/Qt/6.7.3/mingw_64/mkspecs/win32-g++  -o release\produit.o produit.cpp
g++ -c -fno-keep-inline-dllexport -O2 -std=gnu++1z -Wall -Wextra -Wextra -fexceptions -mthreads -DUNICODE -D_UNICODE -DWIN32 -DMINGW_HAS_SECURE_API=1 -DQT_NO_DEBUG -DQT_CHARTS_LIB -DQT_OPENGLWIDGETS_LIB -DQT_MULTIMEDIAWIDGETS_LIB -DQT_PRINTSUPPORT_LIB -DQT_WIDGETS_LIB -DQT_OPENGL_LIB -DQT_MULTIMEDIA_LIB -DQT_GUI_LIB -DQT_SQL_LIB -DQT_NETWORK_LIB -DQT_CONCURRENT_LIB -DQT_CORE_LIB -I. -IC:/Qt/6.7.3/mingw_64/include -IC:/Qt/6.7.3/mingw_64/include/QtCharts -IC:/Qt/6.7.3/mingw_64/include/QtOpenGLWidgets -IC:/Qt/6.7.3/mingw_64/include/QtMultimediaWidgets -IC:/Qt/6.7.3/mingw_64/include/QtPrintSupport -IC:/Qt/6.7.3/mingw_64/include/QtWidgets -IC:/Qt/6.7.3/mingw_64/include/QtOpenGL -IC:/Qt/6.7.3/mingw_64/include/QtMultimedia -IC:/Qt/6.7.3/mingw_64/include/QtGui -IC:/Qt/6.7.3/mingw_64/include/QtSql -IC:/Qt/6.7.3/mingw_64/include/QtNetwork -IC:/Qt/6.7.3/mingw_64/include/QtConcurrent -IC:/Qt/6.7.3/mingw_64/include/QtCore -Irelease -I. -I/include -IC:/Qt/6.7.3/mingw_64/mkspecs/win32-g++  -o release\stock.o stock.cpp
g++ -c -fno-keep-inline-dllexport -O2 -std=gnu++1z -Wall -Wextra -Wextra -fexceptions -mthreads -DUNICODE -D_UNICODE -DWIN32 -DMINGW_HAS_SECURE_API=1 -DQT_NO_DEBUG -DQT_CHARTS_LIB -DQT_OPENGLWIDGETS_LIB -DQT_MULTIMEDIAWIDGETS_LIB -DQT_PRINTSUPPORT_LIB -DQT_WIDGETS_LIB -DQT_OPENGL_LIB -DQT_MULTIMEDIA_LIB -DQT_GUI_LIB -DQT_SQL_LIB -DQT_NETWORK_LIB -DQT_CONCURRENT_LIB -DQT_CORE_LIB -I. -IC:/Qt/6.7.3/mingw_64/include -IC:/Qt/6.7.3/mingw_64/include/QtCharts -IC:/Qt/6.7.3/mingw_64/include/QtOpenGLWidgets -IC:/Qt/6.7.3/mingw_64/include/QtMultimediaWidgets -IC:/Qt/6.7.3/mingw_64/include/QtPrintSupport -IC:/Qt/6.7.3/mingw_64/include/QtWidgets -IC:/Qt/6.7.3/mingw_64/include/QtOpenGL -IC:/Qt/6.7.3/mingw_64/include/QtMultimedia -IC:/Qt/6.7.3/mingw_64/include/QtGui -IC:/Qt/6.7.3/mingw_64/include/QtSql -IC:/Qt/6.7.3/mingw_64/include/QtNetwork -IC:/Qt/6.7.3/mingw_64/include/QtConcurrent -IC:/Qt/6.7.3/mingw_64/include/QtCore -Irelease -I. -I/include -IC:/Qt/6.7.3/mingw_64/mkspecs/win32-g++  -o release\stockmapwidget.o stockmapwidget.cpp
g++ -c -fno-keep-inline-dllexport -O2 -std=gnu++1z -Wall -Wextra -Wextra -fexceptions -mthreads -DUNICODE -D_UNICODE -DWIN32 -DMINGW_HAS_SECURE_API=1 -DQT_NO_DEBUG -DQT_CHARTS_LIB -DQT_OPENGLWIDGETS_LIB -DQT_MULTIMEDIAWIDGETS_LIB -DQT_PRINTSUPPORT_LIB -DQT_WIDGETS_LIB -DQT_OPENGL_LIB -DQT_MULTIMEDIA_LIB -DQT_GUI_LIB -DQT_SQL_LIB -DQT_NETWORK_LIB -DQT_CONCURRENT_LIB -DQT_CORE_LIB -I. -IC:/Qt/6.7.3/mingw_64/include -IC:/Qt/6.7.3/mingw_64/include/QtCharts -IC:/Qt/6.7.3/mingw_64/include/QtOpenGLWidgets -IC:/Qt/6.7.3/mingw_64/include/QtMultimediaWidgets -IC:/Qt/6.7.3/mingw_64/include/QtPrintSupport -IC:/Qt/6.7.3/mingw_64/include/QtWidgets -IC:/Qt/6.7.3/mingw_64/include/QtOpenGL -IC:/Qt/6.7.3/mingw_64/include/QtMultimedia -IC:/Qt/6.7.3/mingw_64/include/QtGui -IC:/Qt/6.7.3/mingw_64/include/QtSql -IC:/Qt/6.7.3/mingw_64/include/QtNetwork -IC:/Qt/6.7.3/mingw_64/include/QtConcurrent -IC:/Qt/6.7.3/mingw_64/include/QtCore -Irelease -I. -I/include -IC:/Qt/6.7.3/mingw_64/mkspecs/win32-g++  -o release\videogenerationdialog.o videogenerationdialog.cpp
g++ -c -fno-keep-inline-dllexport -O2 -std=gnu++1z -Wall -Wextra -Wextra -fexceptions -mthreads -DUNICODE -D_UNICODE -DWIN32 -DMINGW_HAS_SECURE_API=1 -DQT_NO_DEBUG -DQT_CHARTS_LIB -DQT_OPENGLWIDGETS_LIB -DQT_MULTIMEDIAWIDGETS_LIB -DQT_PRINTSUPPORT_LIB -DQT_WIDGETS_LIB -DQT_OPENGL_LIB -DQT_MULTIMEDIA_LIB -DQT_GUI_LIB -DQT_SQL_LIB -DQT_NETWORK_LIB -DQT_CONCURRENT_LIB -DQT_CORE_LIB -I. -IC:/Qt/6.7.3/mingw_64/include -IC:/Qt/6.7.3/mingw_64/include/QtCharts -IC:/Qt/6.7.3/mingw_64/include/QtOpenGLWidgets -IC:/Qt/6.7.3/mingw_64/include/QtMultimediaWidgets -IC:/Qt/6.7.3/mingw_64/include/QtPrintSupport -IC:/Qt/6.7.3/mingw_64/include/QtWidgets -IC:/Qt/6.7.3/mingw_64/include/QtOpenGL -IC:/Qt/6.7.3/mingw_64/include/QtMultimedia -IC:/Qt/6.7.3/mingw_64/include/QtGui -IC:/Qt/6.7.3/mingw_64/include/QtSql -IC:/Qt/6.7.3/mingw_64/include/QtNetwork -IC:/Qt/6.7.3/mingw_64/include/QtConcurrent -IC:/Qt/6.7.3/mingw_64/include/QtCore -Irelease -I. -I/include -IC:/Qt/6.7.3/mingw_64/mkspecs/win32-g++  -o release\accessibilityhelper.o accessibilityhelper.cpp
g++ -c -fno-keep-inline-dllexport -O2 -std=gnu++1z -Wall -Wextra -Wextra -fexceptions -mthreads -DUNICODE -D_UNICODE -DWIN32 -DMINGW_HAS_SECURE_API=1 -DQT_NO_DEBUG -DQT_CHARTS_LIB -DQT_OPENGLWIDGETS_LIB -DQT_MULTIMEDIAWIDGETS_LIB -DQT_PRINTSUPPORT_LIB -DQT_WIDGETS_LIB -DQT_OPENGL_LIB -DQT_MULTIMEDIA_LIB -DQT_GUI_LIB -DQT_SQL_LIB -DQT_NETWORK_LIB -DQT_CONCURRENT_LIB -DQT_CORE_LIB -I. -IC:/Qt/6.7.3/mingw_64/include -IC:/Qt/6.7.3/mingw_64/include/QtCharts -IC:/Qt/6.7.3/mingw_64/include/QtOpenGLWidgets -IC:/Qt/6.7.3/mingw_64/include/QtMultimediaWidgets -IC:/Qt/6.7.3/mingw_64/include/QtPrintSupport -IC:/Qt/6.7.3/mingw_64/include/QtWidgets -IC:/Qt/6.7.3/mingw_64/include/QtOpenGL -IC:/Qt/6.7.3/mingw_64/include/QtMultimedia -IC:/Qt/6.7.3/mingw_64/include/QtGui -IC:/Qt/6.7.3/mingw_64/include/QtSql -IC:/Qt/6.7.3/mingw_64/include/QtNetwork -IC:/Qt/6.7.3/mingw_64/include/QtConcurrent -IC:/Qt/6.7.3/mingw_64/include/QtCore -Irelease -I. -I/include -IC:/Qt/6.7.3/mingw_64/mkspecs/win32-g++  -o release\voiceassistant.o voiceassistant.cpp
g++ -c -fno-keep-inline-dllexport -O2 -std=gnu++1z -Wall -Wextra -Wextra -fexceptions -mthreads -DUNICODE -D_UNICODE -DWIN32 -DMINGW_HAS_SECURE_API=1 -DQT_NO_DEBUG -DQT_CHARTS_LIB -DQT_OPENGLWIDGETS_LIB -DQT_MULTIMEDIAWIDGETS_LIB -DQT_PRINTSUPPORT_LIB -DQT_WIDGETS_LIB -DQT_OPENGL_LIB -DQT_MULTIMEDIA_LIB -DQT_GUI_LIB -DQT_SQL_LIB -DQT_NETWORK_LIB -DQT_CONCURRENT_LIB -DQT_CORE_LIB -I. -IC:/Qt/6.7.3/mingw_64/include -IC:/Qt/6.7.3/mingw_64/include/QtCharts -IC:/Qt/6.7.3/mingw_64/include/QtOpenGLWidgets -IC:/Qt/6.7.3/mingw_64/include/QtMultimediaWidgets -IC:/Qt/6.7.3/mingw_64/include/QtPrintSupport -IC:/Qt/6.7.3/mingw_64/include/QtWidgets -IC:/Qt/6.7.3/mingw_64/include/QtOpenGL -IC:/Qt/6.7.3/mingw_64/include/QtMultimedia -IC:/Qt/6.7.3/mingw_64/include/QtGui -IC:/Qt/6.7.3/mingw_64/include/QtSql -IC:/Qt/6.7.3/mingw_64/include/QtNetwork -IC:/Qt/6.7.3/mingw_64/include/QtConcurrent -IC:/Qt/6.7.3/mingw_64/include/QtCore -Irelease -I. -I/include -IC:/Qt/6.7.3/mingw_64/mkspecs/win32-g++  -o release\labibassistant.o labibassistant.cpp
labibassistant.cpp: In member function 'bool 
LabibAssistant::modifyRecordInDatabase(const QJsonObject&, const QString&)':
labibassistant.cpp:486:64: warning: unused parameter 'record' 
[-Wunused-parameter]
  486 | bool LabibAssistant::modifyRecordInDatabase(const QJsonObject &record, 
const QString &module)
      |                                             ~~~~~~~~~~~~~~~~~~~^~~~~~
labibassistant.cpp:486:87: warning: unused parameter 'module' 
[-Wunused-parameter]
  486 | bool LabibAssistant::modifyRecordInDatabase(const QJsonObject &record, 
const QString &module)
      |                                                                        
~~~~~~~~~~~~~~~^~~~~~
C:\Qt\6.7.3\mingw_64\bin\rcc.exe -name logo --no-zstd logo.qrc -o release\qrc_logo.cpp
g++ -c -fno-keep-inline-dllexport -O2 -std=gnu++1z -Wall -Wextra -Wextra -fexceptions -mthreads -DUNICODE -D_UNICODE -DWIN32 -DMINGW_HAS_SECURE_API=1 -DQT_NO_DEBUG -DQT_CHARTS_LIB -DQT_OPENGLWIDGETS_LIB -DQT_MULTIMEDIAWIDGETS_LIB -DQT_PRINTSUPPORT_LIB -DQT_WIDGETS_LIB -DQT_OPENGL_LIB -DQT_MULTIMEDIA_LIB -DQT_GUI_LIB -DQT_SQL_LIB -DQT_NETWORK_LIB -DQT_CONCURRENT_LIB -DQT_CORE_LIB -I. -IC:/Qt/6.7.3/mingw_64/include -IC:/Qt/6.7.3/mingw_64/include/QtCharts -IC:/Qt/6.7.3/mingw_64/include/QtOpenGLWidgets -IC:/Qt/6.7.3/mingw_64/include/QtMultimediaWidgets -IC:/Qt/6.7.3/mingw_64/include/QtPrintSupport -IC:/Qt/6.7.3/mingw_64/include/QtWidgets -IC:/Qt/6.7.3/mingw_64/include/QtOpenGL -IC:/Qt/6.7.3/mingw_64/include/QtMultimedia -IC:/Qt/6.7.3/mingw_64/include/QtGui -IC:/Qt/6.7.3/mingw_64/include/QtSql -IC:/Qt/6.7.3/mingw_64/include/QtNetwork -IC:/Qt/6.7.3/mingw_64/include/QtConcurrent -IC:/Qt/6.7.3/mingw_64/include/QtCore -Irelease -I. -I/include -IC:/Qt/6.7.3/mingw_64/mkspecs/win32-g++  -o release\qrc_logo.o release\qrc_logo.cpp
C:\Qt\6.7.3\mingw_64\bin\moc.exe -DUNICODE -D_UNICODE -DWIN32 -DMINGW_HAS_SECURE_API=1 -DQT_NO_DEBUG -DQT_CHARTS_LIB -DQT_OPENGLWIDGETS_LIB -DQT_MULTIMEDIAWIDGETS_LIB -DQT_PRINTSUPPORT_LIB -DQT_WIDGETS_LIB -DQT_OPENGL_LIB -DQT_MULTIMEDIA_LIB -DQT_GUI_LIB -DQT_SQL_LIB -DQT_NETWORK_LIB -DQT_CONCURRENT_LIB -DQT_CORE_LIB --include C:/Users/Gaston/OneDrive/Desktop/final/INTEGRATION_FINALE/release/moc_predefs.h -IC:/Qt/6.7.3/mingw_64/mkspecs/win32-g++ -IC:/Users/Gaston/OneDrive/Desktop/final/INTEGRATION_FINALE -IC:/Qt/6.7.3/mingw_64/include -IC:/Qt/6.7.3/mingw_64/include/QtCharts -IC:/Qt/6.7.3/mingw_64/include/QtOpenGLWidgets -IC:/Qt/6.7.3/mingw_64/include/QtMultimediaWidgets -IC:/Qt/6.7.3/mingw_64/include/QtPrintSupport -IC:/Qt/6.7.3/mingw_64/include/QtWidgets -IC:/Qt/6.7.3/mingw_64/include/QtOpenGL -IC:/Qt/6.7.3/mingw_64/include/QtMultimedia -IC:/Qt/6.7.3/mingw_64/include/QtGui -IC:/Qt/6.7.3/mingw_64/include/QtSql -IC:/Qt/6.7.3/mingw_64/include/QtNetwork -IC:/Qt/6.7.3/mingw_64/include/QtConcurrent -IC:/Qt/6.7.3/mingw_64/include/QtCore -IC:/Qt/Tools/mingw1120_64/lib/gcc/x86_64-w64-mingw32/11.2.0/include/c++ -IC:/Qt/Tools/mingw1120_64/lib/gcc/x86_64-w64-mingw32/11.2.0/include/c++/x86_64-w64-mingw32 -IC:/Qt/Tools/mingw1120_64/lib/gcc/x86_64-w64-mingw32/11.2.0/include/c++/backward -IC:/Qt/Tools/mingw1120_64/lib/gcc/x86_64-w64-mingw32/11.2.0/include -IC:/Qt/Tools/mingw1120_64/lib/gcc/x86_64-w64-mingw32/11.2.0/include-fixed -IC:/Qt/Tools/mingw1120_64/x86_64-w64-mingw32/include mainwindow.h -o release\moc_mainwindow.cpp
g++ -c -fno-keep-inline-dllexport -O2 -std=gnu++1z -Wall -Wextra -Wextra -fexceptions -mthreads -DUNICODE -D_UNICODE -DWIN32 -DMINGW_HAS_SECURE_API=1 -DQT_NO_DEBUG -DQT_CHARTS_LIB -DQT_OPENGLWIDGETS_LIB -DQT_MULTIMEDIAWIDGETS_LIB -DQT_PRINTSUPPORT_LIB -DQT_WIDGETS_LIB -DQT_OPENGL_LIB -DQT_MULTIMEDIA_LIB -DQT_GUI_LIB -DQT_SQL_LIB -DQT_NETWORK_LIB -DQT_CONCURRENT_LIB -DQT_CORE_LIB -I. -IC:/Qt/6.7.3/mingw_64/include -IC:/Qt/6.7.3/mingw_64/include/QtCharts -IC:/Qt/6.7.3/mingw_64/include/QtOpenGLWidgets -IC:/Qt/6.7.3/mingw_64/include/QtMultimediaWidgets -IC:/Qt/6.7.3/mingw_64/include/QtPrintSupport -IC:/Qt/6.7.3/mingw_64/include/QtWidgets -IC:/Qt/6.7.3/mingw_64/include/QtOpenGL -IC:/Qt/6.7.3/mingw_64/include/QtMultimedia -IC:/Qt/6.7.3/mingw_64/include/QtGui -IC:/Qt/6.7.3/mingw_64/include/QtSql -IC:/Qt/6.7.3/mingw_64/include/QtNetwork -IC:/Qt/6.7.3/mingw_64/include/QtConcurrent -IC:/Qt/6.7.3/mingw_64/include/QtCore -Irelease -I. -I/include -IC:/Qt/6.7.3/mingw_64/mkspecs/win32-g++  -o release\moc_mainwindow.o release\moc_mainwindow.cpp
C:\Qt\6.7.3\mingw_64\bin\moc.exe -DUNICODE -D_UNICODE -DWIN32 -DMINGW_HAS_SECURE_API=1 -DQT_NO_DEBUG -DQT_CHARTS_LIB -DQT_OPENGLWIDGETS_LIB -DQT_MULTIMEDIAWIDGETS_LIB -DQT_PRINTSUPPORT_LIB -DQT_WIDGETS_LIB -DQT_OPENGL_LIB -DQT_MULTIMEDIA_LIB -DQT_GUI_LIB -DQT_SQL_LIB -DQT_NETWORK_LIB -DQT_CONCURRENT_LIB -DQT_CORE_LIB --include C:/Users/Gaston/OneDrive/Desktop/final/INTEGRATION_FINALE/release/moc_predefs.h -IC:/Qt/6.7.3/mingw_64/mkspecs/win32-g++ -IC:/Users/Gaston/OneDrive/Desktop/final/INTEGRATION_FINALE -IC:/Qt/6.7.3/mingw_64/include -IC:/Qt/6.7.3/mingw_64/include/QtCharts -IC:/Qt/6.7.3/mingw_64/include/QtOpenGLWidgets -IC:/Qt/6.7.3/mingw_64/include/QtMultimediaWidgets -IC:/Qt/6.7.3/mingw_64/include/QtPrintSupport -IC:/Qt/6.7.3/mingw_64/include/QtWidgets -IC:/Qt/6.7.3/mingw_64/include/QtOpenGL -IC:/Qt/6.7.3/mingw_64/include/QtMultimedia -IC:/Qt/6.7.3/mingw_64/include/QtGui -IC:/Qt/6.7.3/mingw_64/include/QtSql -IC:/Qt/6.7.3/mingw_64/include/QtNetwork -IC:/Qt/6.7.3/mingw_64/include/QtConcurrent -IC:/Qt/6.7.3/mingw_64/include/QtCore -IC:/Qt/Tools/mingw1120_64/lib/gcc/x86_64-w64-mingw32/11.2.0/include/c++ -IC:/Qt/Tools/mingw1120_64/lib/gcc/x86_64-w64-mingw32/11.2.0/include/c++/x86_64-w64-mingw32 -IC:/Qt/Tools/mingw1120_64/lib/gcc/x86_64-w64-mingw32/11.2.0/include/c++/backward -IC:/Qt/Tools/mingw1120_64/lib/gcc/x86_64-w64-mingw32/11.2.0/include -IC:/Qt/Tools/mingw1120_64/lib/gcc/x86_64-w64-mingw32/11.2.0/include-fixed -IC:/Qt/Tools/mingw1120_64/x86_64-w64-mingw32/include mascotwidget.h -o release\moc_mascotwidget.cpp
g++ -c -fno-keep-inline-dllexport -O2 -std=gnu++1z -Wall -Wextra -Wextra -fexceptions -mthreads -DUNICODE -D_UNICODE -DWIN32 -DMINGW_HAS_SECURE_API=1 -DQT_NO_DEBUG -DQT_CHARTS_LIB -DQT_OPENGLWIDGETS_LIB -DQT_MULTIMEDIAWIDGETS_LIB -DQT_PRINTSUPPORT_LIB -DQT_WIDGETS_LIB -DQT_OPENGL_LIB -DQT_MULTIMEDIA_LIB -DQT_GUI_LIB -DQT_SQL_LIB -DQT_NETWORK_LIB -DQT_CONCURRENT_LIB -DQT_CORE_LIB -I. -IC:/Qt/6.7.3/mingw_64/include -IC:/Qt/6.7.3/mingw_64/include/QtCharts -IC:/Qt/6.7.3/mingw_64/include/QtOpenGLWidgets -IC:/Qt/6.7.3/mingw_64/include/QtMultimediaWidgets -IC:/Qt/6.7.3/mingw_64/include/QtPrintSupport -IC:/Qt/6.7.3/mingw_64/include/QtWidgets -IC:/Qt/6.7.3/mingw_64/include/QtOpenGL -IC:/Qt/6.7.3/mingw_64/include/QtMultimedia -IC:/Qt/6.7.3/mingw_64/include/QtGui -IC:/Qt/6.7.3/mingw_64/include/QtSql -IC:/Qt/6.7.3/mingw_64/include/QtNetwork -IC:/Qt/6.7.3/mingw_64/include/QtConcurrent -IC:/Qt/6.7.3/mingw_64/include/QtCore -Irelease -I. -I/include -IC:/Qt/6.7.3/mingw_64/mkspecs/win32-g++  -o release\moc_mascotwidget.o release\moc_mascotwidget.cpp
C:\Qt\6.7.3\mingw_64\bin\moc.exe -DUNICODE -D_UNICODE -DWIN32 -DMINGW_HAS_SECURE_API=1 -DQT_NO_DEBUG -DQT_CHARTS_LIB -DQT_OPENGLWIDGETS_LIB -DQT_MULTIMEDIAWIDGETS_LIB -DQT_PRINTSUPPORT_LIB -DQT_WIDGETS_LIB -DQT_OPENGL_LIB -DQT_MULTIMEDIA_LIB -DQT_GUI_LIB -DQT_SQL_LIB -DQT_NETWORK_LIB -DQT_CONCURRENT_LIB -DQT_CORE_LIB --include C:/Users/Gaston/OneDrive/Desktop/final/INTEGRATION_FINALE/release/moc_predefs.h -IC:/Qt/6.7.3/mingw_64/mkspecs/win32-g++ -IC:/Users/Gaston/OneDrive/Desktop/final/INTEGRATION_FINALE -IC:/Qt/6.7.3/mingw_64/include -IC:/Qt/6.7.3/mingw_64/include/QtCharts -IC:/Qt/6.7.3/mingw_64/include/QtOpenGLWidgets -IC:/Qt/6.7.3/mingw_64/include/QtMultimediaWidgets -IC:/Qt/6.7.3/mingw_64/include/QtPrintSupport -IC:/Qt/6.7.3/mingw_64/include/QtWidgets -IC:/Qt/6.7.3/mingw_64/include/QtOpenGL -IC:/Qt/6.7.3/mingw_64/include/QtMultimedia -IC:/Qt/6.7.3/mingw_64/include/QtGui -IC:/Qt/6.7.3/mingw_64/include/QtSql -IC:/Qt/6.7.3/mingw_64/include/QtNetwork -IC:/Qt/6.7.3/mingw_64/include/QtConcurrent -IC:/Qt/6.7.3/mingw_64/include/QtCore -IC:/Qt/Tools/mingw1120_64/lib/gcc/x86_64-w64-mingw32/11.2.0/include/c++ -IC:/Qt/Tools/mingw1120_64/lib/gcc/x86_64-w64-mingw32/11.2.0/include/c++/x86_64-w64-mingw32 -IC:/Qt/Tools/mingw1120_64/lib/gcc/x86_64-w64-mingw32/11.2.0/include/c++/backward -IC:/Qt/Tools/mingw1120_64/lib/gcc/x86_64-w64-mingw32/11.2.0/include -IC:/Qt/Tools/mingw1120_64/lib/gcc/x86_64-w64-mingw32/11.2.0/include-fixed -IC:/Qt/Tools/mingw1120_64/x86_64-w64-mingw32/include stockmapwidget.h -o release\moc_stockmapwidget.cpp
g++ -c -fno-keep-inline-dllexport -O2 -std=gnu++1z -Wall -Wextra -Wextra -fexceptions -mthreads -DUNICODE -D_UNICODE -DWIN32 -DMINGW_HAS_SECURE_API=1 -DQT_NO_DEBUG -DQT_CHARTS_LIB -DQT_OPENGLWIDGETS_LIB -DQT_MULTIMEDIAWIDGETS_LIB -DQT_PRINTSUPPORT_LIB -DQT_WIDGETS_LIB -DQT_OPENGL_LIB -DQT_MULTIMEDIA_LIB -DQT_GUI_LIB -DQT_SQL_LIB -DQT_NETWORK_LIB -DQT_CONCURRENT_LIB -DQT_CORE_LIB -I. -IC:/Qt/6.7.3/mingw_64/include -IC:/Qt/6.7.3/mingw_64/include/QtCharts -IC:/Qt/6.7.3/mingw_64/include/QtOpenGLWidgets -IC:/Qt/6.7.3/mingw_64/include/QtMultimediaWidgets -IC:/Qt/6.7.3/mingw_64/include/QtPrintSupport -IC:/Qt/6.7.3/mingw_64/include/QtWidgets -IC:/Qt/6.7.3/mingw_64/include/QtOpenGL -IC:/Qt/6.7.3/mingw_64/include/QtMultimedia -IC:/Qt/6.7.3/mingw_64/include/QtGui -IC:/Qt/6.7.3/mingw_64/include/QtSql -IC:/Qt/6.7.3/mingw_64/include/QtNetwork -IC:/Qt/6.7.3/mingw_64/include/QtConcurrent -IC:/Qt/6.7.3/mingw_64/include/QtCore -Irelease -I. -I/include -IC:/Qt/6.7.3/mingw_64/mkspecs/win32-g++  -o release\moc_stockmapwidget.o release\moc_stockmapwidget.cpp
C:\Qt\6.7.3\mingw_64\bin\moc.exe -DUNICODE -D_UNICODE -DWIN32 -DMINGW_HAS_SECURE_API=1 -DQT_NO_DEBUG -DQT_CHARTS_LIB -DQT_OPENGLWIDGETS_LIB -DQT_MULTIMEDIAWIDGETS_LIB -DQT_PRINTSUPPORT_LIB -DQT_WIDGETS_LIB -DQT_OPENGL_LIB -DQT_MULTIMEDIA_LIB -DQT_GUI_LIB -DQT_SQL_LIB -DQT_NETWORK_LIB -DQT_CONCURRENT_LIB -DQT_CORE_LIB --include C:/Users/Gaston/OneDrive/Desktop/final/INTEGRATION_FINALE/release/moc_predefs.h -IC:/Qt/6.7.3/mingw_64/mkspecs/win32-g++ -IC:/Users/Gaston/OneDrive/Desktop/final/INTEGRATION_FINALE -IC:/Qt/6.7.3/mingw_64/include -IC:/Qt/6.7.3/mingw_64/include/QtCharts -IC:/Qt/6.7.3/mingw_64/include/QtOpenGLWidgets -IC:/Qt/6.7.3/mingw_64/include/QtMultimediaWidgets -IC:/Qt/6.7.3/mingw_64/include/QtPrintSupport -IC:/Qt/6.7.3/mingw_64/include/QtWidgets -IC:/Qt/6.7.3/mingw_64/include/QtOpenGL -IC:/Qt/6.7.3/mingw_64/include/QtMultimedia -IC:/Qt/6.7.3/mingw_64/include/QtGui -IC:/Qt/6.7.3/mingw_64/include/QtSql -IC:/Qt/6.7.3/mingw_64/include/QtNetwork -IC:/Qt/6.7.3/mingw_64/include/QtConcurrent -IC:/Qt/6.7.3/mingw_64/include/QtCore -IC:/Qt/Tools/mingw1120_64/lib/gcc/x86_64-w64-mingw32/11.2.0/include/c++ -IC:/Qt/Tools/mingw1120_64/lib/gcc/x86_64-w64-mingw32/11.2.0/include/c++/x86_64-w64-mingw32 -IC:/Qt/Tools/mingw1120_64/lib/gcc/x86_64-w64-mingw32/11.2.0/include/c++/backward -IC:/Qt/Tools/mingw1120_64/lib/gcc/x86_64-w64-mingw32/11.2.0/include -IC:/Qt/Tools/mingw1120_64/lib/gcc/x86_64-w64-mingw32/11.2.0/include-fixed -IC:/Qt/Tools/mingw1120_64/x86_64-w64-mingw32/include videogenerationdialog.h -o release\moc_videogenerationdialog.cpp
g++ -c -fno-keep-inline-dllexport -O2 -std=gnu++1z -Wall -Wextra -Wextra -fexceptions -mthreads -DUNICODE -D_UNICODE -DWIN32 -DMINGW_HAS_SECURE_API=1 -DQT_NO_DEBUG -DQT_CHARTS_LIB -DQT_OPENGLWIDGETS_LIB -DQT_MULTIMEDIAWIDGETS_LIB -DQT_PRINTSUPPORT_LIB -DQT_WIDGETS_LIB -DQT_OPENGL_LIB -DQT_MULTIMEDIA_LIB -DQT_GUI_LIB -DQT_SQL_LIB -DQT_NETWORK_LIB -DQT_CONCURRENT_LIB -DQT_CORE_LIB -I. -IC:/Qt/6.7.3/mingw_64/include -IC:/Qt/6.7.3/mingw_64/include/QtCharts -IC:/Qt/6.7.3/mingw_64/include/QtOpenGLWidgets -IC:/Qt/6.7.3/mingw_64/include/QtMultimediaWidgets -IC:/Qt/6.7.3/mingw_64/include/QtPrintSupport -IC:/Qt/6.7.3/mingw_64/include/QtWidgets -IC:/Qt/6.7.3/mingw_64/include/QtOpenGL -IC:/Qt/6.7.3/mingw_64/include/QtMultimedia -IC:/Qt/6.7.3/mingw_64/include/QtGui -IC:/Qt/6.7.3/mingw_64/include/QtSql -IC:/Qt/6.7.3/mingw_64/include/QtNetwork -IC:/Qt/6.7.3/mingw_64/include/QtConcurrent -IC:/Qt/6.7.3/mingw_64/include/QtCore -Irelease -I. -I/include -IC:/Qt/6.7.3/mingw_64/mkspecs/win32-g++  -o release\moc_videogenerationdialog.o release\moc_videogenerationdialog.cpp
C:\Qt\6.7.3\mingw_64\bin\moc.exe -DUNICODE -D_UNICODE -DWIN32 -DMINGW_HAS_SECURE_API=1 -DQT_NO_DEBUG -DQT_CHARTS_LIB -DQT_OPENGLWIDGETS_LIB -DQT_MULTIMEDIAWIDGETS_LIB -DQT_PRINTSUPPORT_LIB -DQT_WIDGETS_LIB -DQT_OPENGL_LIB -DQT_MULTIMEDIA_LIB -DQT_GUI_LIB -DQT_SQL_LIB -DQT_NETWORK_LIB -DQT_CONCURRENT_LIB -DQT_CORE_LIB --include C:/Users/Gaston/OneDrive/Desktop/final/INTEGRATION_FINALE/release/moc_predefs.h -IC:/Qt/6.7.3/mingw_64/mkspecs/win32-g++ -IC:/Users/Gaston/OneDrive/Desktop/final/INTEGRATION_FINALE -IC:/Qt/6.7.3/mingw_64/include -IC:/Qt/6.7.3/mingw_64/include/QtCharts -IC:/Qt/6.7.3/mingw_64/include/QtOpenGLWidgets -IC:/Qt/6.7.3/mingw_64/include/QtMultimediaWidgets -IC:/Qt/6.7.3/mingw_64/include/QtPrintSupport -IC:/Qt/6.7.3/mingw_64/include/QtWidgets -IC:/Qt/6.7.3/mingw_64/include/QtOpenGL -IC:/Qt/6.7.3/mingw_64/include/QtMultimedia -IC:/Qt/6.7.3/mingw_64/include/QtGui -IC:/Qt/6.7.3/mingw_64/include/QtSql -IC:/Qt/6.7.3/mingw_64/include/QtNetwork -IC:/Qt/6.7.3/mingw_64/include/QtConcurrent -IC:/Qt/6.7.3/mingw_64/include/QtCore -IC:/Qt/Tools/mingw1120_64/lib/gcc/x86_64-w64-mingw32/11.2.0/include/c++ -IC:/Qt/Tools/mingw1120_64/lib/gcc/x86_64-w64-mingw32/11.2.0/include/c++/x86_64-w64-mingw32 -IC:/Qt/Tools/mingw1120_64/lib/gcc/x86_64-w64-mingw32/11.2.0/include/c++/backward -IC:/Qt/Tools/mingw1120_64/lib/gcc/x86_64-w64-mingw32/11.2.0/include -IC:/Qt/Tools/mingw1120_64/lib/gcc/x86_64-w64-mingw32/11.2.0/include-fixed -IC:/Qt/Tools/mingw1120_64/x86_64-w64-mingw32/include accessibilityhelper.h -o release\moc_accessibilityhelper.cpp
g++ -c -fno-keep-inline-dllexport -O2 -std=gnu++1z -Wall -Wextra -Wextra -fexceptions -mthreads -DUNICODE -D_UNICODE -DWIN32 -DMINGW_HAS_SECURE_API=1 -DQT_NO_DEBUG -DQT_CHARTS_LIB -DQT_OPENGLWIDGETS_LIB -DQT_MULTIMEDIAWIDGETS_LIB -DQT_PRINTSUPPORT_LIB -DQT_WIDGETS_LIB -DQT_OPENGL_LIB -DQT_MULTIMEDIA_LIB -DQT_GUI_LIB -DQT_SQL_LIB -DQT_NETWORK_LIB -DQT_CONCURRENT_LIB -DQT_CORE_LIB -I. -IC:/Qt/6.7.3/mingw_64/include -IC:/Qt/6.7.3/mingw_64/include/QtCharts -IC:/Qt/6.7.3/mingw_64/include/QtOpenGLWidgets -IC:/Qt/6.7.3/mingw_64/include/QtMultimediaWidgets -IC:/Qt/6.7.3/mingw_64/include/QtPrintSupport -IC:/Qt/6.7.3/mingw_64/include/QtWidgets -IC:/Qt/6.7.3/mingw_64/include/QtOpenGL -IC:/Qt/6.7.3/mingw_64/include/QtMultimedia -IC:/Qt/6.7.3/mingw_64/include/QtGui -IC:/Qt/6.7.3/mingw_64/include/QtSql -IC:/Qt/6.7.3/mingw_64/include/QtNetwork -IC:/Qt/6.7.3/mingw_64/include/QtConcurrent -IC:/Qt/6.7.3/mingw_64/include/QtCore -Irelease -I. -I/include -IC:/Qt/6.7.3/mingw_64/mkspecs/win32-g++  -o release\moc_accessibilityhelper.o release\moc_accessibilityhelper.cpp
C:\Qt\6.7.3\mingw_64\bin\moc.exe -DUNICODE -D_UNICODE -DWIN32 -DMINGW_HAS_SECURE_API=1 -DQT_NO_DEBUG -DQT_CHARTS_LIB -DQT_OPENGLWIDGETS_LIB -DQT_MULTIMEDIAWIDGETS_LIB -DQT_PRINTSUPPORT_LIB -DQT_WIDGETS_LIB -DQT_OPENGL_LIB -DQT_MULTIMEDIA_LIB -DQT_GUI_LIB -DQT_SQL_LIB -DQT_NETWORK_LIB -DQT_CONCURRENT_LIB -DQT_CORE_LIB --include C:/Users/Gaston/OneDrive/Desktop/final/INTEGRATION_FINALE/release/moc_predefs.h -IC:/Qt/6.7.3/mingw_64/mkspecs/win32-g++ -IC:/Users/Gaston/OneDrive/Desktop/final/INTEGRATION_FINALE -IC:/Qt/6.7.3/mingw_64/include -IC:/Qt/6.7.3/mingw_64/include/QtCharts -IC:/Qt/6.7.3/mingw_64/include/QtOpenGLWidgets -IC:/Qt/6.7.3/mingw_64/include/QtMultimediaWidgets -IC:/Qt/6.7.3/mingw_64/include/QtPrintSupport -IC:/Qt/6.7.3/mingw_64/include/QtWidgets -IC:/Qt/6.7.3/mingw_64/include/QtOpenGL -IC:/Qt/6.7.3/mingw_64/include/QtMultimedia -IC:/Qt/6.7.3/mingw_64/include/QtGui -IC:/Qt/6.7.3/mingw_64/include/QtSql -IC:/Qt/6.7.3/mingw_64/include/QtNetwork -IC:/Qt/6.7.3/mingw_64/include/QtConcurrent -IC:/Qt/6.7.3/mingw_64/include/QtCore -IC:/Qt/Tools/mingw1120_64/lib/gcc/x86_64-w64-mingw32/11.2.0/include/c++ -IC:/Qt/Tools/mingw1120_64/lib/gcc/x86_64-w64-mingw32/11.2.0/include/c++/x86_64-w64-mingw32 -IC:/Qt/Tools/mingw1120_64/lib/gcc/x86_64-w64-mingw32/11.2.0/include/c++/backward -IC:/Qt/Tools/mingw1120_64/lib/gcc/x86_64-w64-mingw32/11.2.0/include -IC:/Qt/Tools/mingw1120_64/lib/gcc/x86_64-w64-mingw32/11.2.0/include-fixed -IC:/Qt/Tools/mingw1120_64/x86_64-w64-mingw32/include voiceassistant.h -o release\moc_voiceassistant.cpp
g++ -c -fno-keep-inline-dllexport -O2 -std=gnu++1z -Wall -Wextra -Wextra -fexceptions -mthreads -DUNICODE -D_UNICODE -DWIN32 -DMINGW_HAS_SECURE_API=1 -DQT_NO_DEBUG -DQT_CHARTS_LIB -DQT_OPENGLWIDGETS_LIB -DQT_MULTIMEDIAWIDGETS_LIB -DQT_PRINTSUPPORT_LIB -DQT_WIDGETS_LIB -DQT_OPENGL_LIB -DQT_MULTIMEDIA_LIB -DQT_GUI_LIB -DQT_SQL_LIB -DQT_NETWORK_LIB -DQT_CONCURRENT_LIB -DQT_CORE_LIB -I. -IC:/Qt/6.7.3/mingw_64/include -IC:/Qt/6.7.3/mingw_64/include/QtCharts -IC:/Qt/6.7.3/mingw_64/include/QtOpenGLWidgets -IC:/Qt/6.7.3/mingw_64/include/QtMultimediaWidgets -IC:/Qt/6.7.3/mingw_64/include/QtPrintSupport -IC:/Qt/6.7.3/mingw_64/include/QtWidgets -IC:/Qt/6.7.3/mingw_64/include/QtOpenGL -IC:/Qt/6.7.3/mingw_64/include/QtMultimedia -IC:/Qt/6.7.3/mingw_64/include/QtGui -IC:/Qt/6.7.3/mingw_64/include/QtSql -IC:/Qt/6.7.3/mingw_64/include/QtNetwork -IC:/Qt/6.7.3/mingw_64/include/QtConcurrent -IC:/Qt/6.7.3/mingw_64/include/QtCore -Irelease -I. -I/include -IC:/Qt/6.7.3/mingw_64/mkspecs/win32-g++  -o release\moc_voiceassistant.o release\moc_voiceassistant.cpp
C:\Qt\6.7.3\mingw_64\bin\moc.exe -DUNICODE -D_UNICODE -DWIN32 -DMINGW_HAS_SECURE_API=1 -DQT_NO_DEBUG -DQT_CHARTS_LIB -DQT_OPENGLWIDGETS_LIB -DQT_MULTIMEDIAWIDGETS_LIB -DQT_PRINTSUPPORT_LIB -DQT_WIDGETS_LIB -DQT_OPENGL_LIB -DQT_MULTIMEDIA_LIB -DQT_GUI_LIB -DQT_SQL_LIB -DQT_NETWORK_LIB -DQT_CONCURRENT_LIB -DQT_CORE_LIB --include C:/Users/Gaston/OneDrive/Desktop/final/INTEGRATION_FINALE/release/moc_predefs.h -IC:/Qt/6.7.3/mingw_64/mkspecs/win32-g++ -IC:/Users/Gaston/OneDrive/Desktop/final/INTEGRATION_FINALE -IC:/Qt/6.7.3/mingw_64/include -IC:/Qt/6.7.3/mingw_64/include/QtCharts -IC:/Qt/6.7.3/mingw_64/include/QtOpenGLWidgets -IC:/Qt/6.7.3/mingw_64/include/QtMultimediaWidgets -IC:/Qt/6.7.3/mingw_64/include/QtPrintSupport -IC:/Qt/6.7.3/mingw_64/include/QtWidgets -IC:/Qt/6.7.3/mingw_64/include/QtOpenGL -IC:/Qt/6.7.3/mingw_64/include/QtMultimedia -IC:/Qt/6.7.3/mingw_64/include/QtGui -IC:/Qt/6.7.3/mingw_64/include/QtSql -IC:/Qt/6.7.3/mingw_64/include/QtNetwork -IC:/Qt/6.7.3/mingw_64/include/QtConcurrent -IC:/Qt/6.7.3/mingw_64/include/QtCore -IC:/Qt/Tools/mingw1120_64/lib/gcc/x86_64-w64-mingw32/11.2.0/include/c++ -IC:/Qt/Tools/mingw1120_64/lib/gcc/x86_64-w64-mingw32/11.2.0/include/c++/x86_64-w64-mingw32 -IC:/Qt/Tools/mingw1120_64/lib/gcc/x86_64-w64-mingw32/11.2.0/include/c++/backward -IC:/Qt/Tools/mingw1120_64/lib/gcc/x86_64-w64-mingw32/11.2.0/include -IC:/Qt/Tools/mingw1120_64/lib/gcc/x86_64-w64-mingw32/11.2.0/include-fixed -IC:/Qt/Tools/mingw1120_64/x86_64-w64-mingw32/include labibassistant.h -o release\moc_labibassistant.cpp
g++ -c -fno-keep-inline-dllexport -O2 -std=gnu++1z -Wall -Wextra -Wextra -fexceptions -mthreads -DUNICODE -D_UNICODE -DWIN32 -DMINGW_HAS_SECURE_API=1 -DQT_NO_DEBUG -DQT_CHARTS_LIB -DQT_OPENGLWIDGETS_LIB -DQT_MULTIMEDIAWIDGETS_LIB -DQT_PRINTSUPPORT_LIB -DQT_WIDGETS_LIB -DQT_OPENGL_LIB -DQT_MULTIMEDIA_LIB -DQT_GUI_LIB -DQT_SQL_LIB -DQT_NETWORK_LIB -DQT_CONCURRENT_LIB -DQT_CORE_LIB -I. -IC:/Qt/6.7.3/mingw_64/include -IC:/Qt/6.7.3/mingw_64/include/QtCharts -IC:/Qt/6.7.3/mingw_64/include/QtOpenGLWidgets -IC:/Qt/6.7.3/mingw_64/include/QtMultimediaWidgets -IC:/Qt/6.7.3/mingw_64/include/QtPrintSupport -IC:/Qt/6.7.3/mingw_64/include/QtWidgets -IC:/Qt/6.7.3/mingw_64/include/QtOpenGL -IC:/Qt/6.7.3/mingw_64/include/QtMultimedia -IC:/Qt/6.7.3/mingw_64/include/QtGui -IC:/Qt/6.7.3/mingw_64/include/QtSql -IC:/Qt/6.7.3/mingw_64/include/QtNetwork -IC:/Qt/6.7.3/mingw_64/include/QtConcurrent -IC:/Qt/6.7.3/mingw_64/include/QtCore -Irelease -I. -I/include -IC:/Qt/6.7.3/mingw_64/mkspecs/win32-g++  -o release\moc_labibassistant.o release\moc_labibassistant.cpp
g++ -Wl,-s -Wl,-subsystem,console -mthreads -o release\projettcpp.exe @release\object_script.projettcpp.Release C:\Qt\6.7.3\mingw_64\lib\libQt6Charts.a C:\Qt\6.7.3\mingw_64\lib\libQt6OpenGLWidgets.a C:\Qt\6.7.3\mingw_64\lib\libQt6MultimediaWidgets.a C:\Qt\6.7.3\mingw_64\lib\libQt6PrintSupport.a C:\Qt\6.7.3\mingw_64\lib\libQt6Widgets.a C:\Qt\6.7.3\mingw_64\lib\libQt6OpenGL.a C:\Qt\6.7.3\mingw_64\lib\libQt6Multimedia.a C:\Qt\6.7.3\mingw_64\lib\libQt6Gui.a C:\Qt\6.7.3\mingw_64\lib\libQt6Sql.a C:\Qt\6.7.3\mingw_64\lib\libQt6Network.a C:\Qt\6.7.3\mingw_64\lib\libQt6Concurrent.a C:\Qt\6.7.3\mingw_64\lib\libQt6Core.a   
mingw32-make[1]: Leaving directory 'C:/Users/Gaston/OneDrive/Desktop/final/INTEGRATION_FINALE'
